@2
D=A
@LCL
D=D+M
@R13
M=D
@SP
AM=M-1
D=M
@R13
A=M
M=D
