@0
D=A
@SP
A=M
M=D
@SP
M=M+1
@25
D=A
@SP
A=M
M=D
@SP
M=M+1
